// Jest Snapshot v1, https://goo.gl/fbAQLP

exports[`PokemonElementTypeTag Should handle Grass element type 1`] = `
<div>
  <div
    style="background-color: rgb(120, 200, 80); border-radius: 5px; color: rgb(255, 255, 255); display: inline-block; padding: 5px;"
  >
    grass
  </div>
</div>
`;
